// Jest Snapshot v1, https://goo.gl/fbAQLP

exports[`getStatesAbbrList should return list of abbreviations 1`] = `
Array [
  "AZ",
  "AL",
  "AK",
  "AR",
  "CA",
  "CO",
  "CT",
  "DC",
  "DE",
  "FL",
  "GA",
  "HI",
  "ID",
  "IL",
  "IN",
  "IA",
  "KS",
  "KY",
  "LA",
  "ME",
  "MD",
  "MA",
  "MI",
  "MN",
  "MS",
  "MO",
  "MT",
  "NE",
  "NV",
  "NH",
  "NJ",
  "NM",
  "NY",
  "NC",
  "ND",
  "OH",
  "OK",
  "OR",
  "PA",
  "RI",
  "SC",
  "SD",
  "TN",
  "TX",
  "UT",
  "VT",
  "VA",
  "WA",
  "WV",
  "WI",
  "WY",
]
`;

exports[`zipLookup should reject on invalid zip 1`] = `"Zip code is required"`;

exports[`zipLookup should resolve correct zip 1`] = `"CA"`;
